// Jest Snapshot v1, https://goo.gl/fbAQLP

exports[`WebtrekkProductList shallow rendering check element via snapshot 1`] = `"<div style={{...}} />"`;
